* installing *source* package ‘xsdm’ ...
** this is package ‘xsdm’ version ‘1.0.1’
** using staged installation
** libs
using C++ compiler: ‘g++ (Ubuntu 15.2.0-16ubuntu1) 15.2.0’
using C++17
g++ -std=gnu++17 -I"/usr/share/R/include" -DNDEBUG  -I'/usr/local/lib/R/site-library/Rcpp/include' -I'/usr/local/lib/R/site-library/RcppParallel/include' -I'/usr/local/lib/R/site-library/ucminfcpp/include'    -DRCPP_PARALLEL_USE_TBB=1 -Ivendor/xtl -Ivendor/xsimd -Ivendor/xtensor -fpic  -g -O2 -fno-omit-frame-pointer -mno-omit-leaf-frame-pointer -ffile-prefix-map=/build/r-base-gvLXiX/r-base-4.5.2=. -fstack-protector-strong -fstack-clash-protection -Wformat -Werror=format-security -fcf-protection -fdebug-prefix-map=/build/r-base-gvLXiX/r-base-4.5.2=/usr/src/r-base-4.5.2-1ubuntu2 -Wdate-time -D_FORTIFY_SOURCE=3   -c RcppExports.cpp -o RcppExports.o
g++ -std=gnu++17 -I"/usr/share/R/include" -DNDEBUG  -I'/usr/local/lib/R/site-library/Rcpp/include' -I'/usr/local/lib/R/site-library/RcppParallel/include' -I'/usr/local/lib/R/site-library/ucminfcpp/include'    -DRCPP_PARALLEL_USE_TBB=1 -Ivendor/xtl -Ivendor/xsimd -Ivendor/xtensor -fpic  -g -O2 -fno-omit-frame-pointer -mno-omit-leaf-frame-pointer -ffile-prefix-map=/build/r-base-gvLXiX/r-base-4.5.2=. -fstack-protector-strong -fstack-clash-protection -Wformat -Werror=format-security -fcf-protection -fdebug-prefix-map=/build/r-base-gvLXiX/r-base-4.5.2=/usr/src/r-base-4.5.2-1ubuntu2 -Wdate-time -D_FORTIFY_SOURCE=3   -c expm_skew.cpp -o expm_skew.o
g++ -std=gnu++17 -I"/usr/share/R/include" -DNDEBUG  -I'/usr/local/lib/R/site-library/Rcpp/include' -I'/usr/local/lib/R/site-library/RcppParallel/include' -I'/usr/local/lib/R/site-library/ucminfcpp/include'    -DRCPP_PARALLEL_USE_TBB=1 -Ivendor/xtl -Ivendor/xsimd -Ivendor/xtensor -fpic  -g -O2 -fno-omit-frame-pointer -mno-omit-leaf-frame-pointer -ffile-prefix-map=/build/r-base-gvLXiX/r-base-4.5.2=. -fstack-protector-strong -fstack-clash-protection -Wformat -Werror=format-security -fcf-protection -fdebug-prefix-map=/build/r-base-gvLXiX/r-base-4.5.2=/usr/src/r-base-4.5.2-1ubuntu2 -Wdate-time -D_FORTIFY_SOURCE=3   -c like_ltsg.cpp -o like_ltsg.o
g++ -std=gnu++17 -I"/usr/share/R/include" -DNDEBUG  -I'/usr/local/lib/R/site-library/Rcpp/include' -I'/usr/local/lib/R/site-library/RcppParallel/include' -I'/usr/local/lib/R/site-library/ucminfcpp/include'    -DRCPP_PARALLEL_USE_TBB=1 -Ivendor/xtl -Ivendor/xsimd -Ivendor/xtensor -fpic  -g -O2 -fno-omit-frame-pointer -mno-omit-leaf-frame-pointer -ffile-prefix-map=/build/r-base-gvLXiX/r-base-4.5.2=. -fstack-protector-strong -fstack-clash-protection -Wformat -Werror=format-security -fcf-protection -fdebug-prefix-map=/build/r-base-gvLXiX/r-base-4.5.2=/usr/src/r-base-4.5.2-1ubuntu2 -Wdate-time -D_FORTIFY_SOURCE=3   -c log_prob_detect.cpp -o log_prob_detect.o
g++ -std=gnu++17 -I"/usr/share/R/include" -DNDEBUG  -I'/usr/local/lib/R/site-library/Rcpp/include' -I'/usr/local/lib/R/site-library/RcppParallel/include' -I'/usr/local/lib/R/site-library/ucminfcpp/include'    -DRCPP_PARALLEL_USE_TBB=1 -Ivendor/xtl -Ivendor/xsimd -Ivendor/xtensor -fpic  -g -O2 -fno-omit-frame-pointer -mno-omit-leaf-frame-pointer -ffile-prefix-map=/build/r-base-gvLXiX/r-base-4.5.2=. -fstack-protector-strong -fstack-clash-protection -Wformat -Werror=format-security -fcf-protection -fdebug-prefix-map=/build/r-base-gvLXiX/r-base-4.5.2=/usr/src/r-base-4.5.2-1ubuntu2 -Wdate-time -D_FORTIFY_SOURCE=3   -c loglik_bio.cpp -o loglik_bio.o
g++ -std=gnu++17 -I"/usr/share/R/include" -DNDEBUG  -I'/usr/local/lib/R/site-library/Rcpp/include' -I'/usr/local/lib/R/site-library/RcppParallel/include' -I'/usr/local/lib/R/site-library/ucminfcpp/include'    -DRCPP_PARALLEL_USE_TBB=1 -Ivendor/xtl -Ivendor/xsimd -Ivendor/xtensor -fpic  -g -O2 -fno-omit-frame-pointer -mno-omit-leaf-frame-pointer -ffile-prefix-map=/build/r-base-gvLXiX/r-base-4.5.2=. -fstack-protector-strong -fstack-clash-protection -Wformat -Werror=format-security -fcf-protection -fdebug-prefix-map=/build/r-base-gvLXiX/r-base-4.5.2=/usr/src/r-base-4.5.2-1ubuntu2 -Wdate-time -D_FORTIFY_SOURCE=3   -c loglik_math.cpp -o loglik_math.o
g++ -std=gnu++17 -I"/usr/share/R/include" -DNDEBUG  -I'/usr/local/lib/R/site-library/Rcpp/include' -I'/usr/local/lib/R/site-library/RcppParallel/include' -I'/usr/local/lib/R/site-library/ucminfcpp/include'    -DRCPP_PARALLEL_USE_TBB=1 -Ivendor/xtl -Ivendor/xsimd -Ivendor/xtensor -fpic  -g -O2 -fno-omit-frame-pointer -mno-omit-leaf-frame-pointer -ffile-prefix-map=/build/r-base-gvLXiX/r-base-4.5.2=. -fstack-protector-strong -fstack-clash-protection -Wformat -Werror=format-security -fcf-protection -fdebug-prefix-map=/build/r-base-gvLXiX/r-base-4.5.2=/usr/src/r-base-4.5.2-1ubuntu2 -Wdate-time -D_FORTIFY_SOURCE=3   -c loglik_math_xptr.cpp -o loglik_math_xptr.o
g++ -std=gnu++17 -I"/usr/share/R/include" -DNDEBUG  -I'/usr/local/lib/R/site-library/Rcpp/include' -I'/usr/local/lib/R/site-library/RcppParallel/include' -I'/usr/local/lib/R/site-library/ucminfcpp/include'    -DRCPP_PARALLEL_USE_TBB=1 -Ivendor/xtl -Ivendor/xsimd -Ivendor/xtensor -fpic  -g -O2 -fno-omit-frame-pointer -mno-omit-leaf-frame-pointer -ffile-prefix-map=/build/r-base-gvLXiX/r-base-4.5.2=. -fstack-protector-strong -fstack-clash-protection -Wformat -Werror=format-security -fcf-protection -fdebug-prefix-map=/build/r-base-gvLXiX/r-base-4.5.2=/usr/src/r-base-4.5.2-1ubuntu2 -Wdate-time -D_FORTIFY_SOURCE=3   -c loglik_math_xptr_cpp.cpp -o loglik_math_xptr_cpp.o
g++ -std=gnu++17 -I"/usr/share/R/include" -DNDEBUG  -I'/usr/local/lib/R/site-library/Rcpp/include' -I'/usr/local/lib/R/site-library/RcppParallel/include' -I'/usr/local/lib/R/site-library/ucminfcpp/include'    -DRCPP_PARALLEL_USE_TBB=1 -Ivendor/xtl -Ivendor/xsimd -Ivendor/xtensor -fpic  -g -O2 -fno-omit-frame-pointer -mno-omit-leaf-frame-pointer -ffile-prefix-map=/build/r-base-gvLXiX/r-base-4.5.2=. -fstack-protector-strong -fstack-clash-protection -Wformat -Werror=format-security -fcf-protection -fdebug-prefix-map=/build/r-base-gvLXiX/r-base-4.5.2=/usr/src/r-base-4.5.2-1ubuntu2 -Wdate-time -D_FORTIFY_SOURCE=3   -c math_to_bio.cpp -o math_to_bio.o
g++ -std=gnu++17 -I"/usr/share/R/include" -DNDEBUG  -I'/usr/local/lib/R/site-library/Rcpp/include' -I'/usr/local/lib/R/site-library/RcppParallel/include' -I'/usr/local/lib/R/site-library/ucminfcpp/include'    -DRCPP_PARALLEL_USE_TBB=1 -Ivendor/xtl -Ivendor/xsimd -Ivendor/xtensor -fpic  -g -O2 -fno-omit-frame-pointer -mno-omit-leaf-frame-pointer -ffile-prefix-map=/build/r-base-gvLXiX/r-base-4.5.2=. -fstack-protector-strong -fstack-clash-protection -Wformat -Werror=format-security -fcf-protection -fdebug-prefix-map=/build/r-base-gvLXiX/r-base-4.5.2=/usr/src/r-base-4.5.2-1ubuntu2 -Wdate-time -D_FORTIFY_SOURCE=3   -c solve_lsap.cpp -o solve_lsap.o
g++ -std=gnu++17 -shared -L/usr/lib/R/lib -Wl,-Bsymbolic-functions -Wl,--package-metadata=%7B%22type%22:%22deb%22%2C%22os%22:%22ubuntu%22%2C%22name%22:%22r-base%22%2C%22version%22:%224.5.2-1ubuntu2%22%2C%22architecture%22:%22amd64%22%7D -flto=auto -ffat-lto-objects -Wl,-z,relro -o xsdm.so RcppExports.o expm_skew.o like_ltsg.o log_prob_detect.o loglik_bio.o loglik_math.o loglik_math_xptr.o loglik_math_xptr_cpp.o math_to_bio.o solve_lsap.o -L/usr/lib/R/lib -lR
installing to /home/alrobles/GitHub/xsdm/xsdm.Rcheck/00LOCK-xsdm/00new/xsdm/libs
** R
** data
*** moving datasets to lazyload DB
** inst
** byte-compile and prepare package for lazy loading
** help
*** installing help indices
*** copying figures
** building package indices
** testing if installed package can be loaded from temporary location
** checking absolute paths in shared objects and dynamic libraries
** testing if installed package can be loaded from final location
** testing if installed package keeps a record of temporary installation path
* DONE (xsdm)
