This is pdfTeX, Version 3.141592653-2.6-1.40.28 (TeX Live 2025/Debian) (preloaded format=pdflatex 2026.7.1)  22 JUL 2026 11:57
entering extended mode
 restricted \write18 enabled.
 %&-line parsing enabled.
**Rd2.tex
(./Rd2.tex
LaTeX2e <2025-11-01>
L3 programming layer <2026-01-19>

(/usr/share/texlive/texmf-dist/tex/latex/base/book.cls
Document Class: book 2025/01/22 v1.4n Standard LaTeX document class
(/usr/share/texlive/texmf-dist/tex/latex/base/bk10.clo
File: bk10.clo 2025/01/22 v1.4n Standard LaTeX file (size option)
)
\c@part=\count275
\c@chapter=\count276
\c@section=\count277
\c@subsection=\count278
\c@subsubsection=\count279
\c@paragraph=\count280
\c@subparagraph=\count281
\c@figure=\count282
\c@table=\count283
\abovecaptionskip=\skip49
\belowcaptionskip=\skip50
\bibindent=\dimen148
)
(/usr/share/R/share/texmf/tex/latex/Rd.sty
Package: Rd 

(/usr/share/texlive/texmf-dist/tex/latex/base/ifthen.sty
Package: ifthen 2024/03/16 v1.1e Standard LaTeX ifthen package (DPC)
)
(/usr/share/texlive/texmf-dist/tex/generic/iftex/iftex.sty
Package: iftex 2024/12/12 v1.0g TeX engine tests
)
(/usr/share/texlive/texmf-dist/tex/latex/tools/longtable.sty
Package: longtable 2025-10-13 v4.24 Multi-page Table package (DPC)
\LTleft=\skip51
\LTright=\skip52
\LTpre=\skip53
\LTpost=\skip54
\LTchunksize=\count284
\LTcapwidth=\dimen149
\LT@head=\box53
\LT@firsthead=\box54
\LT@foot=\box55
\LT@lastfoot=\box56
\LT@gbox=\box57
\LT@cols=\count285
\LT@rows=\count286
\c@LT@tables=\count287
\c@LT@chunks=\count288
\LT@p@ftn=\toks17
)
(/usr/share/texlive/texmf-dist/tex/latex/tools/bm.sty
Package: bm 2025/10/21 v1.2g Bold Symbol Support (DPC/FMi)
\symboldoperators=\mathgroup4
\symboldletters=\mathgroup5
\symboldsymbols=\mathgroup6
Package bm Info: No bold for \OMX/cmex/m/n, using \pmb.
LaTeX Font Info:    Redeclaring math alphabet \mathbf on input line 149.
)
(/usr/share/texlive/texmf-dist/tex/latex/base/alltt.sty
Package: alltt 2024/07/07 v2.0g defines alltt environment
)
(/usr/share/texlive/texmf-dist/tex/latex/tools/verbatim.sty
Package: verbatim 2024-01-22 v1.5x LaTeX2e package for verbatim enhancements
\every@verbatim=\toks18
\verbatim@line=\toks19
\verbatim@in@stream=\read2
)
(/usr/share/texlive/texmf-dist/tex/latex/url/url.sty
\Urlmuskip=\muskip17
Package: url 2013/09/16  ver 3.4  Verb mode for urls, etc.
)
(/usr/share/texlive/texmf-dist/tex/latex/base/textcomp.sty
Package: textcomp 2024/04/24 v2.1b Standard LaTeX package
)
(/usr/share/texlive/texmf-dist/tex/latex/amsmath/amsmath.sty
Package: amsmath 2025/07/09 v2.17z AMS math features
\@mathmargin=\skip55

For additional information on amsmath, use the `?' option.
(/usr/share/texlive/texmf-dist/tex/latex/amsmath/amstext.sty
Package: amstext 2024/11/17 v2.01 AMS text

(/usr/share/texlive/texmf-dist/tex/latex/amsmath/amsgen.sty
File: amsgen.sty 1999/11/30 v2.0 generic functions
\@emptytoks=\toks20
\ex@=\dimen150
))
(/usr/share/texlive/texmf-dist/tex/latex/amsmath/amsbsy.sty
Package: amsbsy 1999/11/29 v1.2d Bold Symbols
LaTeX Info: Redefining \boldsymbol on input line 28.
\pmbraise@=\dimen151
)
(/usr/share/texlive/texmf-dist/tex/latex/amsmath/amsopn.sty
Package: amsopn 2022/04/08 v2.04 operator names
)
\inf@bad=\count289
LaTeX Info: Redefining \frac on input line 233.
\uproot@=\count290
\leftroot@=\count291
LaTeX Info: Redefining \overline on input line 398.
LaTeX Info: Redefining \colon on input line 409.
\classnum@=\count292
\DOTSCASE@=\count293
LaTeX Info: Redefining \ldots on input line 495.
LaTeX Info: Redefining \dots on input line 498.
LaTeX Info: Redefining \cdots on input line 619.
\Mathstrutbox@=\box58
\strutbox@=\box59
LaTeX Info: Redefining \big on input line 721.
LaTeX Info: Redefining \Big on input line 722.
LaTeX Info: Redefining \bigg on input line 723.
LaTeX Info: Redefining \Bigg on input line 724.
\big@size=\dimen152
LaTeX Font Info:    Redeclaring font encoding OML on input line 742.
LaTeX Font Info:    Redeclaring font encoding OMS on input line 743.
\macc@depth=\count294
LaTeX Info: Redefining \bmod on input line 904.
LaTeX Info: Redefining \pmod on input line 909.
LaTeX Info: Redefining \smash on input line 939.
LaTeX Info: Redefining \relbar on input line 969.
LaTeX Info: Redefining \Relbar on input line 970.
\c@MaxMatrixCols=\count295
\dotsspace@=\muskip18
\c@parentequation=\count296
\dspbrk@lvl=\count297
\tag@help=\toks21
\row@=\count298
\column@=\count299
\maxfields@=\count300
\andhelp@=\toks22
\eqnshift@=\dimen153
\alignsep@=\dimen154
\tagshift@=\dimen155
\tagwidth@=\dimen156
\totwidth@=\dimen157
\lineht@=\dimen158
\@envbody=\toks23
\multlinegap=\skip56
\multlinetaggap=\skip57
\mathdisplay@stack=\toks24
LaTeX Info: Redefining \[ on input line 2950.
LaTeX Info: Redefining \] on input line 2951.
)
(/usr/share/texlive/texmf-dist/tex/latex/amsfonts/amsfonts.sty
Package: amsfonts 2013/01/14 v3.01 Basic AMSFonts support
\symAMSa=\mathgroup7
\symAMSb=\mathgroup8
LaTeX Font Info:    Redeclaring math symbol \hbar on input line 98.
LaTeX Font Info:    Overwriting math alphabet `\mathfrak' in version `bold'
(Font)                  U/euf/m/n --> U/euf/b/n on input line 106.
)
(/usr/share/texlive/texmf-dist/tex/latex/amsfonts/amssymb.sty
Package: amssymb 2013/01/14 v3.01 AMS font symbols
)
(/usr/share/texlive/texmf-dist/tex/latex/jknapltx/mathrsfs.sty
Package: mathrsfs 1996/01/01 Math RSFS package v1.0 (jk)
\symrsfs=\mathgroup9
)
\ldescriptionwidth=\skip58

(/usr/share/texlive/texmf-dist/tex/latex/base/fontenc.sty
Package: fontenc 2025/07/18 v2.1d Standard LaTeX package
)
(/usr/share/texlive/texmf-dist/tex/latex/psnfss/times.sty
Package: times 2020/03/25 PSNFSS-v9.3 (SPQR) 
)
(/usr/share/texlive/texmf-dist/tex/latex/inconsolata/zi4.sty
Package: zi4 2019/05/17 v1.12

`inconsolata-zi4' v1.12, 2019/05/17 Text macros for Inconsolata (msharpe)
(/usr/share/texlive/texmf-dist/tex/latex/xkeyval/xkeyval.sty
Package: xkeyval 2025/11/04 v2.10 package option processing (HA)

(/usr/share/texlive/texmf-dist/tex/generic/xkeyval/xkeyval.tex
(/usr/share/texlive/texmf-dist/tex/generic/xkeyval/xkvutils.tex
\XKV@toks=\toks25
\XKV@tempa@toks=\toks26
\XKV@tempb@toks=\toks27

(/usr/share/texlive/texmf-dist/tex/generic/xkeyval/keyval.tex))
\XKV@depth=\count301
File: xkeyval.tex 2014/12/03 v2.7a key=value parser (HA)
))
\zifour@ocount=\count302
)
(/usr/share/texlive/texmf-dist/tex/latex/graphics/color.sty
Package: color 2025/01/14 v1.3e Standard LaTeX Color (DPC)

(/usr/share/texlive/texmf-dist/tex/latex/graphics-cfg/color.cfg
File: color.cfg 2016/01/02 v1.6 sample color configuration
)
Package color Info: Driver file: pdftex.def on input line 149.

(/usr/share/texlive/texmf-dist/tex/latex/graphics-def/pdftex.def
File: pdftex.def 2025/09/29 v1.2d Graphics/color driver for pdftex
)
(/usr/share/texlive/texmf-dist/tex/latex/graphics/mathcolor.ltx))
(/usr/share/texlive/texmf-dist/tex/latex/hyperref/hyperref.sty
Package: hyperref 2025-07-12 v7.01o Hypertext links for LaTeX

(/usr/share/texlive/texmf-dist/tex/latex/kvsetkeys/kvsetkeys.sty
Package: kvsetkeys 2022-10-05 v1.19 Key value parser (HO)
)
(/usr/share/texlive/texmf-dist/tex/generic/kvdefinekeys/kvdefinekeys.sty
Package: kvdefinekeys 2019-12-19 v1.6 Define keys (HO)
)
(/usr/share/texlive/texmf-dist/tex/generic/pdfescape/pdfescape.sty
Package: pdfescape 2019/12/09 v1.15 Implements pdfTeX's escape features (HO)

(/usr/share/texlive/texmf-dist/tex/generic/ltxcmds/ltxcmds.sty
Package: ltxcmds 2023-12-04 v1.26 LaTeX kernel commands for general use (HO)
)
(/usr/share/texlive/texmf-dist/tex/generic/pdftexcmds/pdftexcmds.sty
Package: pdftexcmds 2020-06-27 v0.33 Utility functions of pdfTeX for LuaTeX (HO
)

(/usr/share/texlive/texmf-dist/tex/generic/infwarerr/infwarerr.sty
Package: infwarerr 2019/12/03 v1.5 Providing info/warning/error messages (HO)
)
Package pdftexcmds Info: \pdf@primitive is available.
Package pdftexcmds Info: \pdf@ifprimitive is available.
Package pdftexcmds Info: \pdfdraftmode found.
))
(/usr/share/texlive/texmf-dist/tex/latex/hycolor/hycolor.sty
Package: hycolor 2020-01-27 v1.10 Color options for hyperref/bookmark (HO)
)
(/usr/share/texlive/texmf-dist/tex/latex/hyperref/nameref.sty
Package: nameref 2025-06-21 v2.57 Cross-referencing by name of section

(/usr/share/texlive/texmf-dist/tex/latex/refcount/refcount.sty
Package: refcount 2019/12/15 v3.6 Data extraction from label references (HO)
)
(/usr/share/texlive/texmf-dist/tex/generic/gettitlestring/gettitlestring.sty
Package: gettitlestring 2019/12/15 v1.6 Cleanup title references (HO)

(/usr/share/texlive/texmf-dist/tex/latex/kvoptions/kvoptions.sty
Package: kvoptions 2022-06-15 v3.15 Key value format for package options (HO)
))
\c@section@level=\count303
)
(/usr/share/texlive/texmf-dist/tex/latex/etoolbox/etoolbox.sty
Package: etoolbox 2025/10/02 v2.5m e-TeX tools for LaTeX (JAW)
\etb@tempcnta=\count304
)
(/usr/share/texlive/texmf-dist/tex/generic/stringenc/stringenc.sty
Package: stringenc 2019/11/29 v1.12 Convert strings between diff. encodings (HO
)
)
\@linkdim=\dimen159
\Hy@linkcounter=\count305
\Hy@pagecounter=\count306

(/usr/share/texlive/texmf-dist/tex/latex/hyperref/pd1enc.def
File: pd1enc.def 2025-07-12 v7.01o Hyperref: PDFDocEncoding definition (HO)
Now handling font encoding PD1 ...
... no UTF-8 mapping file for font encoding PD1
)
(/usr/share/texlive/texmf-dist/tex/generic/intcalc/intcalc.sty
Package: intcalc 2019/12/15 v1.3 Expandable calculations with integers (HO)
)
\Hy@SavedSpaceFactor=\count307

(/usr/share/texlive/texmf-dist/tex/latex/hyperref/puenc.def
File: puenc.def 2025-07-12 v7.01o Hyperref: PDF Unicode definition (HO)
Now handling font encoding PU ...
... no UTF-8 mapping file for font encoding PU
)
Package hyperref Info: Hyper figures OFF on input line 4195.
Package hyperref Info: Link nesting OFF on input line 4200.
Package hyperref Info: Hyper index ON on input line 4203.
Package hyperref Info: Plain pages OFF on input line 4210.
Package hyperref Info: Backreferencing OFF on input line 4215.
Package hyperref Info: Implicit mode ON; LaTeX internals redefined.
Package hyperref Info: Bookmarks ON on input line 4462.
\c@Hy@tempcnt=\count308
LaTeX Info: Redefining \url on input line 4801.
\XeTeXLinkMargin=\dimen160

(/usr/share/texlive/texmf-dist/tex/generic/bitset/bitset.sty
Package: bitset 2019/12/09 v1.3 Handle bit-vector datatype (HO)

(/usr/share/texlive/texmf-dist/tex/generic/bigintcalc/bigintcalc.sty
Package: bigintcalc 2019/12/15 v1.5 Expandable calculations on big integers (HO
)
))
\Fld@menulength=\count309
\Field@Width=\dimen161
\Fld@charsize=\dimen162
Package hyperref Info: Hyper figures OFF on input line 6078.
Package hyperref Info: Link nesting OFF on input line 6083.
Package hyperref Info: Hyper index ON on input line 6086.
Package hyperref Info: backreferencing OFF on input line 6093.
Package hyperref Info: Link coloring OFF on input line 6098.
Package hyperref Info: Link coloring with OCG OFF on input line 6103.
Package hyperref Info: PDF/A mode OFF on input line 6108.
\Hy@abspage=\count310
\c@Item=\count311
\c@Hfootnote=\count312
)
Package hyperref Info: Driver (autodetected): hpdftex.

(/usr/share/texlive/texmf-dist/tex/latex/hyperref/hpdftex.def
File: hpdftex.def 2025-07-12 v7.01o Hyperref driver for pdfTeX
\Fld@listcount=\count313
\c@bookmark@seq@number=\count314

(/usr/share/texlive/texmf-dist/tex/latex/rerunfilecheck/rerunfilecheck.sty
Package: rerunfilecheck 2025-06-21 v1.11 Rerun checks for auxiliary files (HO)

(/usr/share/texlive/texmf-dist/tex/generic/uniquecounter/uniquecounter.sty
Package: uniquecounter 2019/12/15 v1.4 Provide unlimited unique counter (HO)
)
Package uniquecounter Info: New unique counter `rerunfilecheck' on input line 2
84.
)
\Hy@SectionHShift=\skip59
)
Package hyperref Info: Option `colorlinks' set `true' on input line 413.
Package hyperref Info: Option `linktocpage' set `true' on input line 413.
Package hyperref Info: Option `plainpages' set `false' on input line 413.
LaTeX Encoding Info:    Ignoring declaration for text command \textdegree (enco
ding ?) on input line 462.
LaTeX Encoding Info:    Ignoring declaration for text command \textonehalf (enc
oding ?) on input line 463.
LaTeX Encoding Info:    Ignoring declaration for text command \textonequarter (
encoding ?) on input line 464.
LaTeX Encoding Info:    Ignoring declaration for text command \textthreequarter
s (encoding ?) on input line 465.
LaTeX Encoding Info:    Ignoring declaration for text command \textcent (encodi
ng ?) on input line 466.
LaTeX Encoding Info:    Ignoring declaration for text command \textyen (encodin
g ?) on input line 467.
LaTeX Encoding Info:    Ignoring declaration for text command \textcurrency (en
coding ?) on input line 468.
LaTeX Encoding Info:    Ignoring declaration for text command \textbrokenbar (e
ncoding ?) on input line 469.
LaTeX Encoding Info:    Ignoring declaration for text command \texteuro (encodi
ng ?) on input line 470.
)
(/usr/share/texlive/texmf-dist/tex/latex/base/makeidx.sty
Package: makeidx 2021/10/04 v1.0m Standard LaTeX package
)
\@indexfile=\write3
\openout3 = `Rd2.idx'.


Writing index file Rd2.idx
LaTeX Font Info:    Trying to load font information for T1+ptm on input line 8.

(/usr/share/texlive/texmf-dist/tex/latex/psnfss/t1ptm.fd
File: t1ptm.fd 2001/06/04 font definitions for T1/ptm.
)
(/usr/share/texlive/texmf-dist/tex/latex/l3backend/l3backend-pdftex.def
File: l3backend-pdftex.def 2025-10-09 L3 backend support: PDF output (pdfTeX)
\l__color_backend_stack_int=\count315
)
(./Rd2.aux)
\openout1 = `Rd2.aux'.

LaTeX Font Info:    Checking defaults for OML/cmm/m/it on input line 8.
LaTeX Font Info:    ... okay on input line 8.
LaTeX Font Info:    Checking defaults for OMS/cmsy/m/n on input line 8.
LaTeX Font Info:    ... okay on input line 8.
LaTeX Font Info:    Checking defaults for OT1/cmr/m/n on input line 8.
LaTeX Font Info:    ... okay on input line 8.
LaTeX Font Info:    Checking defaults for T1/cmr/m/n on input line 8.
LaTeX Font Info:    ... okay on input line 8.
LaTeX Font Info:    Checking defaults for TS1/cmr/m/n on input line 8.
LaTeX Font Info:    ... okay on input line 8.
LaTeX Font Info:    Checking defaults for OMX/cmex/m/n on input line 8.
LaTeX Font Info:    ... okay on input line 8.
LaTeX Font Info:    Checking defaults for U/cmr/m/n on input line 8.
LaTeX Font Info:    ... okay on input line 8.
LaTeX Font Info:    Checking defaults for PD1/pdf/m/n on input line 8.
LaTeX Font Info:    ... okay on input line 8.
LaTeX Font Info:    Checking defaults for PU/pdf/m/n on input line 8.
LaTeX Font Info:    ... okay on input line 8.
 (/usr/share/texlive/texmf-dist/tex/context/base/mkii/supp-pdf.mkii
[Loading MPS to PDF converter (version 2006.09.02).]
\scratchcounter=\count316
\scratchdimen=\dimen163
\scratchbox=\box60
\nofMPsegments=\count317
\nofMParguments=\count318
\everyMPshowfont=\toks28
\MPscratchCnt=\count319
\MPscratchDim=\dimen164
\MPnumerator=\count320
\makeMPintoPDFobject=\count321
\everyMPtoPDFconversion=\toks29
)
Package hyperref Info: Link coloring ON on input line 8.
 (./Rd2.out) (./Rd2.out)
\@outlinefile=\write4
\openout4 = `Rd2.out'.

LaTeX Font Info:    Trying to load font information for TS1+ptm on input line 2
6.

(/usr/share/texlive/texmf-dist/tex/latex/psnfss/ts1ptm.fd
File: ts1ptm.fd 2001/06/04 font definitions for TS1/ptm.
)
LaTeX Font Info:    Trying to load font information for T1+zi4 on input line 38
.

(/usr/share/texlive/texmf-dist/tex/latex/inconsolata/t1zi4.fd
File: t1zi4.fd 2018/01/14 T1/zi4 (Inconsolata)
)
LaTeX Font Info:    Font shape `T1/zi4/m/n' will be
(Font)              scaled to size 10.0pt on input line 38.
LaTeX Font Info:    Trying to load font information for U+msa on input line 38.


(/usr/share/texlive/texmf-dist/tex/latex/amsfonts/umsa.fd
File: umsa.fd 2013/01/14 v3.01 AMS symbols A
)
LaTeX Font Info:    Trying to load font information for U+msb on input line 38.


(/usr/share/texlive/texmf-dist/tex/latex/amsfonts/umsb.fd
File: umsb.fd 2013/01/14 v3.01 AMS symbols B
)
LaTeX Font Info:    Trying to load font information for U+rsfs on input line 38
.

(/usr/share/texlive/texmf-dist/tex/latex/jknapltx/ursfs.fd
File: ursfs.fd 1998/03/24 rsfs font definition file (jk)
) [1


{/var/lib/texmf/fonts/map/pdftex/updmap/pdftex.map}{/usr/share/texlive/texmf-di
st/fonts/enc/dvips/base/8r.enc}{/usr/share/texlive/texmf-dist/fonts/enc/dvips/i
nconsolata/i4-t1-0.enc}] (./Rd2.toc [2])
\tf@toc=\write5
\openout5 = `Rd2.toc'.


Overfull \hbox (4.52745pt too wide) in paragraph at lines 89--94
\T1/ptm/m/n/10 named nu-meric vec-tor on the math scale, in the canon-i-cal or-
der pro-duced by `make_mask_names(p)`:
 []


Overfull \hbox (18.73642pt too wide) in paragraph at lines 110--118
\T1/ptm/m/n/10 `logit()` - `o_mat` : lower-triangular pa-ram-e-ters re-cov-ered
 via `ex-tract_orthogonal_matrix_parameters()`
 []

[3]
LaTeX Font Info:    Font shape `T1/zi4/m/n' will be
(Font)              scaled to size 9.0pt on input line 140.
 [4]
Overfull \hbox (11.60986pt too wide) in paragraph at lines 212--214
[]\T1/ptm/m/n/10 The di-men-sion `k` is in-ferred from `length(entries)` via th
e re-la-tion $\OML/cmm/m/it/10 n \OT1/cmr/m/n/10 = \OML/cmm/m/it/10 k\OT1/cmr/m
/n/10 (\OML/cmm/m/it/10 k \OMS/cmsy/m/n/10 ^^@ \OT1/cmr/m/n/10 1)\OML/cmm/m/it/
10 =\OT1/cmr/m/n/10 2$\T1/ptm/m/n/10 , so `length(entries)`
 []

[5] [6] [7]
Overfull \hbox (53.59618pt too wide) in paragraph at lines 341--347
[]\T1/ptm/m/n/10 Builds the full pa-ram-e-ter vec-tor for use within `log-lik_m
ath` us-ing canon-i-cal names from `make_mask_names(p)`
 []


Overfull \hbox (63.32755pt too wide) in paragraph at lines 374--378
[]\T1/ptm/m/n/10 This is a thin R wrap-per around the in-ter-nal C++ im-ple-men
-ta-tion []\T1/zi4/m/n/10 xsdm:::.build_canonical_param_vector_cpp[]\T1/ptm/m/n
/10 .
 []


Overfull \hbox (25.3377pt too wide) in paragraph at lines 374--378
\T1/ptm/m/n/10 The pre-port pure-R im-ple-men-ta-tion is pre-served in-ter-nall
y as []\T1/zi4/m/n/10 xsdm:::create_param_vector_masked_r
 []

[8]
Overfull \hbox (14.13763pt too wide) in paragraph at lines 440--444
\T1/ptm/m/n/10 names com-ple-ment []\T1/zi4/m/n/10 mask[]\T1/ptm/m/n/10 ) or bi
ological-scale (a named list with en-tries []\T1/zi4/m/n/10 mu[]\T1/ptm/m/n/10 
, []\T1/zi4/m/n/10 sigltil[]\T1/ptm/m/n/10 ,
 []

[9] [10] [11]
Overfull \hbox (45.74847pt too wide) in paragraph at lines 585--587
[]\T1/ptm/m/n/10 An in-te-ger vec-tor of length 4000. Bi-nary pres-ence/absence
 (0/1) cor-re-spond-ing to []\T1/zi4/m/n/10 occ_df$presence[]\T1/ptm/m/n/10 . 
 []


Overfull \hbox (67.49767pt too wide) in paragraph at lines 596--600
\T1/ptm/m/n/10 sen-ta-tion that be-longs to the same equiv-a-lence class as []\
T1/zi4/m/n/10 optim_par_vec[]\T1/ptm/m/n/10 . Used to test []\T1/zi4/m/n/10 dis
t_between_params()[]\T1/ptm/m/n/10 . 
 []


Overfull \hbox (1.1484pt too wide) in paragraph at lines 613--616
[]\T1/ptm/m/n/10 The en-vi-ron-men-tal data are orig-i-nally from CHELSA v2.1 (
[][]$\T1/zi4/m/n/10 https : / / www . chelsa-[]climate . org/$[][]\T1/ptm/m/n/1
0 ).
 []

[12] [13] [14]
LaTeX Font Info:    Trying to load font information for U+euf on input line 776
.
 (/usr/share/texlive/texmf-dist/tex/latex/amsfonts/ueuf.fd
File: ueuf.fd 2013/01/14 v3.01 Euler Fraktur
)
[15]
Overfull \hbox (16.94676pt too wide) in paragraph at lines 816--820
[]\T1/ptm/m/n/10 A 3D nu-meric ar-ray of en-vi-ron-men-tal time se-ries data wi
th di-men-sions []\T1/zi4/m/n/10 (locations)
 []

[16] [17]
Overfull \hbox (3.91747pt too wide) in paragraph at lines 932--936
[]\T1/ptm/m/n/10 A named list of biological-scale pa-ram-e-ters. Must con-tain 
[]\T1/zi4/m/n/10 mu[]\T1/ptm/m/n/10 , []\T1/zi4/m/n/10 sigltil[]\T1/ptm/m/n/10 
, []\T1/zi4/m/n/10 sigrtil[]\T1/ptm/m/n/10 ,
 []

[18]
Overfull \hbox (1.94934pt too wide) in paragraph at lines 990--994
\T1/ptm/m/n/10 or []\T1/zi4/m/n/10 "log_prob_detect" []\T1/ptm/m/n/10 (when []\
T1/zi4/m/n/10 return_prob = FALSE[]\T1/ptm/m/n/10 ). The raster is re-turned in
-vis-i-bly when []\T1/zi4/m/n/10 output
 []

[19]
Overfull \hbox (4.10736pt too wide) in paragraph at lines 1050--1055
[]\T1/ptm/m/n/10 A length-1 or length-2 in-te-ger vec-tor of in-dices of en-vi-
ron-men-tal vari-ables against
 []


Overfull \hbox (0.37779pt too wide) in paragraph at lines 1063--1068
[]\T1/ptm/m/n/10 Optional 3D nu-meric ar-ray of en-vi-ron-men-tal data with di-
men-sions []\T1/zi4/m/n/10 (locations)
 []


Overfull \hbox (7.29889pt too wide) in paragraph at lines 1063--1068
\T1/zi4/m/n/10 x (time) x (variables)[]\T1/ptm/m/n/10 . Re-quired for the two-p
anel (pres-ence vs non-detection)
 []


Overfull \hbox (3.40842pt too wide) in paragraph at lines 1073--1079
[]\T1/ptm/m/n/10 Scalar in []\T1/zi4/m/n/10 [0, 1] []\T1/ptm/m/n/10 con-trol-li
ng how wide the auto-derived plot-ting win-dow is around
 []

[20] [21]
Overfull \hbox (19.93767pt too wide) in paragraph at lines 1195--1200
\T1/ptm/m/n/10 op-ti-mized us-ing \T1/ptm/b/n/10 Rcpp-Pa-r-al-lel\T1/ptm/m/n/10
 . The legacy pure-R ref-er-ence is pre-served as []\T1/zi4/m/n/10 xsdm:::like_
neg_ltsgr_r
 []

[22]
Overfull \hbox (42.55867pt too wide) in paragraph at lines 1224--1227
[]\T1/ptm/m/n/10 Vector spec-i-fy-ing width of the growth-environment func-tion
. Length []\T1/zi4/m/n/10 p=dim(env_dat)[3][]\T1/ptm/m/n/10 .
 []


Overfull \hbox (42.55867pt too wide) in paragraph at lines 1228--1231
[]\T1/ptm/m/n/10 Vector spec-i-fy-ing width of the growth-environment func-tion
. Length []\T1/zi4/m/n/10 p=dim(env_dat)[3][]\T1/ptm/m/n/10 .
 []


Overfull \hbox (71.43858pt too wide) in paragraph at lines 1234--1236
[]\T1/ptm/m/n/10 Number of threads for par-al-lel com-pu-ta-tion. De-faults to 
[]\T1/zi4/m/n/10 RcppParallel::defaultNumThreads()[]\T1/ptm/m/n/10 . 
 []

[23]
Overfull \hbox (42.55867pt too wide) in paragraph at lines 1300--1302
[]\T1/ptm/m/n/10 Vector spec-i-fy-ing width of the growth-environment func-tion
. Length []\T1/zi4/m/n/10 p=dim(env_dat)[3][]\T1/ptm/m/n/10 .
 []


Overfull \hbox (42.55867pt too wide) in paragraph at lines 1303--1305
[]\T1/ptm/m/n/10 Vector spec-i-fy-ing width of the growth-environment func-tion
. Length []\T1/zi4/m/n/10 p=dim(env_dat)[3][]\T1/ptm/m/n/10 .
 []

[24] [25] [26]
Overfull \hbox (2.16838pt too wide) in paragraph at lines 1442--1444
[]\T1/ptm/m/n/10 Presence/pseudo-absence bi-nary vec-tor. Same length as di-men
-sion 1 of []\T1/zi4/m/n/10 env_dat[]\T1/ptm/m/n/10 . 
 []


Overfull \hbox (42.55867pt too wide) in paragraph at lines 1448--1450
[]\T1/ptm/m/n/10 Vector spec-i-fy-ing width of the growth-environment func-tion
. Length []\T1/zi4/m/n/10 p=dim(env_dat)[3][]\T1/ptm/m/n/10 .
 []


Overfull \hbox (42.55867pt too wide) in paragraph at lines 1451--1453
[]\T1/ptm/m/n/10 Vector spec-i-fy-ing width of the growth-environment func-tion
. Length []\T1/zi4/m/n/10 p=dim(env_dat)[3][]\T1/ptm/m/n/10 .
 []


Overfull \hbox (71.43858pt too wide) in paragraph at lines 1468--1470
[]\T1/ptm/m/n/10 Number of threads for par-al-lel com-pu-ta-tion. De-faults to 
[]\T1/zi4/m/n/10 RcppParallel::defaultNumThreads()[]\T1/ptm/m/n/10 . 
 []


Overfull \hbox (51.37819pt too wide) in paragraph at lines 1474--1482
\T1/ptm/m/n/10 ([]\T1/zi4/m/n/10 sum_log_p = FALSE []\T1/ptm/m/n/10 or []\T1/zi
4/m/n/10 return_prob = TRUE[]\T1/ptm/m/n/10 ) are com-puted by del-e-gat-ing to
 the C++-backed []\T1/zi4/m/n/10 log_prob_detect
 []

[27] [28]
Overfull \hbox (11.16849pt too wide) in paragraph at lines 1580--1590
\T1/ptm/m/n/10 names must ex-actly match the canon-i-cal schema re-turned by []
[][]\T1/zi4/m/n/10 make_mask_names[][][](p)
 []

[29]
Overfull \hbox (2.16838pt too wide) in paragraph at lines 1596--1598
[]\T1/ptm/m/n/10 Presence/pseudo-absence bi-nary vec-tor. Same length as di-men
-sion 1 of []\T1/zi4/m/n/10 env_dat[]\T1/ptm/m/n/10 . 
 []


Overfull \hbox (71.43858pt too wide) in paragraph at lines 1613--1615
[]\T1/ptm/m/n/10 Number of threads for par-al-lel com-pu-ta-tion. De-faults to 
[]\T1/zi4/m/n/10 RcppParallel::defaultNumThreads()[]\T1/ptm/m/n/10 . 
 []

[30] [31] [32]
Overfull \hbox (42.55867pt too wide) in paragraph at lines 1797--1799
[]\T1/ptm/m/n/10 Vector spec-i-fy-ing width of the growth-environment func-tion
. Length []\T1/zi4/m/n/10 p=dim(env_dat)[3][]\T1/ptm/m/n/10 .
 []


Overfull \hbox (42.55867pt too wide) in paragraph at lines 1800--1802
[]\T1/ptm/m/n/10 Vector spec-i-fy-ing width of the growth-environment func-tion
. Length []\T1/zi4/m/n/10 p=dim(env_dat)[3][]\T1/ptm/m/n/10 .
 []


Overfull \hbox (71.43858pt too wide) in paragraph at lines 1813--1815
[]\T1/ptm/m/n/10 Number of threads for par-al-lel com-pu-ta-tion. De-faults to 
[]\T1/zi4/m/n/10 RcppParallel::defaultNumThreads()[]\T1/ptm/m/n/10 . 
 []


Overfull \hbox (17.36926pt too wide) in paragraph at lines 1819--1824
\T1/ptm/m/n/10 pack-age and is used only by the par-ity tests in []\T1/zi4/m/n/
10 tests/testthat/test-log_prob_detect_r_vs_cpp.R[]\T1/ptm/m/n/10 . 
 []

[33] [34]
Overfull \hbox (55.88893pt too wide) in paragraph at lines 1894--1896
[]\T1/ptm/m/n/10 Integer. Num-ber of par-al-lel threads. []\T1/zi4/m/n/10 0 []\
T1/ptm/m/n/10 (de-fault) uses []\T1/zi4/m/n/10 RcppParallel::defaultNumThreads(
)[]\T1/ptm/m/n/10 . 
 []


Overfull \hbox (7.18744pt too wide) in paragraph at lines 1900--1903
[]\T1/ptm/m/n/10 Collapses the R call chain []\T1/zi4/m/n/10 like_neg_ltsgr_cpp
() -> like_ltsg() []\T1/ptm/m/n/10 into a sin-gle xtensor-accelerated
 []


Overfull \hbox (1.71916pt too wide) in paragraph at lines 1932--1937
[]\T1/ptm/m/n/10 The out-put has length []\T1/zi4/m/n/10 3*p+(p^2-p)/2+2[]\T1/p
tm/m/n/10 . The names of the en-tries are []\T1/zi4/m/n/10 mu1[]\T1/ptm/m/n/10 
, []\T1/zi4/m/n/10 mu2[]\T1/ptm/m/n/10 , ..., []\T1/zi4/m/n/10 mup[]\T1/ptm/m/n
/10 , []\T1/zi4/m/n/10 sigltil1[]\T1/ptm/m/n/10 ,
 []

[35] [36] [37] [38]
Overfull \hbox (15.16907pt too wide) in paragraph at lines 2171--2174
[]\T1/zi4/m/n/10 solutions[]\T1/ptm/m/n/10 : data.frame sorted by de-creas-ing 
[]\T1/zi4/m/n/10 loglik[]\T1/ptm/m/n/10 , columns: []\T1/zi4/m/n/10 start_id[]\
T1/ptm/m/n/10 , []\T1/zi4/m/n/10 loglik[]\T1/ptm/m/n/10 , []\T1/zi4/m/n/10 conv
ergence[]\T1/ptm/m/n/10 ,
 []

[39] [40]
Overfull \hbox (8.56926pt too wide) in paragraph at lines 2270--2273
[]\T1/ptm/m/n/10 Named list. Con-trol passed to []\T1/zi4/m/n/10 ucminfcpp::ucm
inf_xptr(control = ...)[]\T1/ptm/m/n/10 . User-
 []

[41] [42]
Overfull \hbox (8.56926pt too wide) in paragraph at lines 2383--2385
[]\T1/ptm/m/n/10 Named list. Con-trol passed to []\T1/zi4/m/n/10 ucminfcpp::ucm
inf_xptr(control = ...)[]\T1/ptm/m/n/10 . User-
 []


Overfull \hbox (23.56815pt too wide) in paragraph at lines 2386--2388
[]\T1/ptm/m/n/10 Named nu-meric. Full warm-start pa-ram-e-ter vec-tor. De-fault
s to []\T1/zi4/m/n/10 optim_param_vector[]\T1/ptm/m/n/10 . 
 []

[43] [44] [45] (./Rd2.ind [46]

LaTeX Font Warning: Font shape `T1/zi4/m/it' undefined
(Font)              using `T1/zi4/m/n' instead on input line 129.

[47

]) (./Rd2.aux)
 ***********
LaTeX2e <2025-11-01>
L3 programming layer <2026-01-19>
 ***********


LaTeX Font Warning: Some font shapes were not available, defaults substituted.

Package rerunfilecheck Info: File `Rd2.out' has not changed.
(rerunfilecheck)             Checksum: F1C20862AFA9883D161F7F7DFA45FE0D;5568.
 ) 
Here is how much of TeX's memory you used:
 11044 strings out of 469514
 165154 string characters out of 5470073
 571622 words of memory out of 5000000
 39142 multiletter control sequences out of 15000+600000
 665584 words of font info for 88 fonts, out of 8000000 for 9000
 14 hyphenation exceptions out of 8191
 92i,6n,95p,440b,782s stack positions out of 10000i,1000n,20000p,200000b,200000s

pdfTeX warning (dest): name{Rfn.expm1} has been referenced but does not exist, 
replaced by a fixed one


pdfTeX warning (dest): name{Rfn.log1p} has been referenced but does not exist, 
replaced by a fixed one


pdfTeX warning (dest): name{Rfn.on.exit} has been referenced but does not exist
, replaced by a fixed one


pdfTeX warning (dest): name{Rfn.writeStop} has been referenced but does not exi
st, replaced by a fixed one


pdfTeX warning (dest): name{Rfn.readStop} has been referenced but does not exis
t, replaced by a fixed one


pdfTeX warning (dest): name{Rfn.writeValues} has been referenced but does not e
xist, replaced by a fixed one


pdfTeX warning (dest): name{Rfn.readValues} has been referenced but does not ex
ist, replaced by a fixed one


pdfTeX warning (dest): name{Rfn.readStart} has been referenced but does not exi
st, replaced by a fixed one


pdfTeX warning (dest): name{Rfn.writeStart} has been referenced but does not ex
ist, replaced by a fixed one


pdfTeX warning (dest): name{Rfn.SpatRaster} has been referenced but does not ex
ist, replaced by a fixed one

</usr/share/texlive/texmf-dist/fonts/type1/public/inconsolata/Inconsolata-zi4r.
pfb></usr/share/texlive/texmf-dist/fonts/type1/public/amsfonts/cm/cmex10.pfb></
usr/share/texlive/texmf-dist/fonts/type1/public/amsfonts/cm/cmmi10.pfb></usr/sh
are/texlive/texmf-dist/fonts/type1/public/amsfonts/cm/cmmi7.pfb></usr/share/tex
live/texmf-dist/fonts/type1/public/amsfonts/cm/cmr10.pfb></usr/share/texlive/te
xmf-dist/fonts/type1/public/amsfonts/cm/cmr7.pfb></usr/share/texlive/texmf-dist
/fonts/type1/public/amsfonts/cm/cmsy10.pfb></usr/share/texlive/texmf-dist/fonts
/type1/public/amsfonts/cm/cmsy7.pfb></usr/share/texlive/texmf-dist/fonts/type1/
public/amsfonts/euler/eufm10.pfb></usr/share/texlive/texmf-dist/fonts/type1/urw
/times/utmb8a.pfb></usr/share/texlive/texmf-dist/fonts/type1/urw/times/utmr8a.p
fb></usr/share/texlive/texmf-dist/fonts/type1/urw/times/utmr8a.pfb></usr/share/
texlive/texmf-dist/fonts/type1/urw/times/utmri8a.pfb>
Output written on Rd2.pdf (47 pages, 256389 bytes).
PDF statistics:
 992 PDF objects out of 1000 (max. 8388607)
 907 compressed objects within 10 object streams
 377 named destinations out of 1000 (max. 500000)
 321 words of extra memory for PDF output out of 10000 (max. 10000000)

